// Jest Snapshot v1, https://goo.gl/fbAQLP

exports[`Energies.getAll() energies returned are in the correct shape 1`] = `
Array [
  Object {
    "energy": "demonic",
    "id": 1,
  },
  Object {
    "energy": "fey",
    "id": 2,
  },
  Object {
    "energy": "celestial",
    "id": 3,
  },
  Object {
    "energy": "undead",
    "id": 4,
  },
]
`;
